// Vitest Snapshot v1, https://vitest.dev/guide/snapshot.html

exports[`RGBN Decoder > using '1x1' raw data > renders a scaled canvas with framemode: 'crop' 1`] = `"tl22VltTtX"`;

exports[`RGBN Decoder > using '1x1' raw data > renders a scaled canvas with framemode: 'keep' 1`] = `"tl22VltTtX"`;

exports[`RGBN Decoder > using '1x1' raw data > renders a scaled canvas with framemode: 'square_black' 1`] = `"tl22VltTtX"`;

exports[`RGBN Decoder > using '1x1' raw data > renders a scaled canvas with framemode: 'square_white' 1`] = `"tl22VltTtX"`;

exports[`RGBN Decoder > using '1x1' raw data > renders on to a given canvas with blendmode: 'addition' 1`] = `"dD1mCIk0N0"`;

exports[`RGBN Decoder > using '1x1' raw data > renders on to a given canvas with blendmode: 'burn' 1`] = `"dx877DjL8f"`;

exports[`RGBN Decoder > using '1x1' raw data > renders on to a given canvas with blendmode: 'darken' 1`] = `"ZyJU7P6FW4"`;

exports[`RGBN Decoder > using '1x1' raw data > renders on to a given canvas with blendmode: 'difference' 1`] = `"USg5vX1EAt"`;

exports[`RGBN Decoder > using '1x1' raw data > renders on to a given canvas with blendmode: 'dodge' 1`] = `"NH46xfDmCh"`;

exports[`RGBN Decoder > using '1x1' raw data > renders on to a given canvas with blendmode: 'exclusion' 1`] = `"BUcIbSaN65"`;

exports[`RGBN Decoder > using '1x1' raw data > renders on to a given canvas with blendmode: 'hardlight' 1`] = `"blcDIFp5Q5"`;

exports[`RGBN Decoder > using '1x1' raw data > renders on to a given canvas with blendmode: 'lighten' 1`] = `"paYkGoRxwf"`;

exports[`RGBN Decoder > using '1x1' raw data > renders on to a given canvas with blendmode: 'multiply' 1`] = `"ozHLzBUmuH"`;

exports[`RGBN Decoder > using '1x1' raw data > renders on to a given canvas with blendmode: 'normal' 1`] = `"m5H8uEJPdf"`;

exports[`RGBN Decoder > using '1x1' raw data > renders on to a given canvas with blendmode: 'normal_s' 1`] = `"5VnMSYtxZD"`;

exports[`RGBN Decoder > using '1x1' raw data > renders on to a given canvas with blendmode: 'overlay' 1`] = `"BDxtcMEdyQ"`;

exports[`RGBN Decoder > using '1x1' raw data > renders on to a given canvas with blendmode: 'screen' 1`] = `"WhwZ6pK5sL"`;

exports[`RGBN Decoder > using '1x1' raw data > renders on to a given canvas with blendmode: 'softlight' 1`] = `"RrLuM96mdz"`;

exports[`RGBN Decoder > using '16x14' raw data > renders a scaled canvas with framemode: 'crop' 1`] = `"AsfJiiKBTn"`;

exports[`RGBN Decoder > using '16x14' raw data > renders a scaled canvas with framemode: 'keep' 1`] = `"AsfJiiKBTn"`;

exports[`RGBN Decoder > using '16x14' raw data > renders a scaled canvas with framemode: 'square_black' 1`] = `"AsfJiiKBTn"`;

exports[`RGBN Decoder > using '16x14' raw data > renders a scaled canvas with framemode: 'square_white' 1`] = `"AsfJiiKBTn"`;

exports[`RGBN Decoder > using '16x14' raw data > renders on to a given canvas with blendmode: 'addition' 1`] = `"EamZltM9dV"`;

exports[`RGBN Decoder > using '16x14' raw data > renders on to a given canvas with blendmode: 'burn' 1`] = `"EamZltM9dV"`;

exports[`RGBN Decoder > using '16x14' raw data > renders on to a given canvas with blendmode: 'darken' 1`] = `"EamZltM9dV"`;

exports[`RGBN Decoder > using '16x14' raw data > renders on to a given canvas with blendmode: 'difference' 1`] = `"EamZltM9dV"`;

exports[`RGBN Decoder > using '16x14' raw data > renders on to a given canvas with blendmode: 'dodge' 1`] = `"EamZltM9dV"`;

exports[`RGBN Decoder > using '16x14' raw data > renders on to a given canvas with blendmode: 'exclusion' 1`] = `"EamZltM9dV"`;

exports[`RGBN Decoder > using '16x14' raw data > renders on to a given canvas with blendmode: 'hardlight' 1`] = `"EamZltM9dV"`;

exports[`RGBN Decoder > using '16x14' raw data > renders on to a given canvas with blendmode: 'lighten' 1`] = `"EamZltM9dV"`;

exports[`RGBN Decoder > using '16x14' raw data > renders on to a given canvas with blendmode: 'multiply' 1`] = `"EamZltM9dV"`;

exports[`RGBN Decoder > using '16x14' raw data > renders on to a given canvas with blendmode: 'normal' 1`] = `"EamZltM9dV"`;

exports[`RGBN Decoder > using '16x14' raw data > renders on to a given canvas with blendmode: 'normal_s' 1`] = `"EamZltM9dV"`;

exports[`RGBN Decoder > using '16x14' raw data > renders on to a given canvas with blendmode: 'overlay' 1`] = `"EamZltM9dV"`;

exports[`RGBN Decoder > using '16x14' raw data > renders on to a given canvas with blendmode: 'screen' 1`] = `"EamZltM9dV"`;

exports[`RGBN Decoder > using '16x14' raw data > renders on to a given canvas with blendmode: 'softlight' 1`] = `"EamZltM9dV"`;

exports[`RGBN Decoder > using '20x18' raw data > renders a scaled canvas with framemode: 'crop' 1`] = `"hmYcT9Z6yy"`;

exports[`RGBN Decoder > using '20x18' raw data > renders a scaled canvas with framemode: 'keep' 1`] = `"9qMjmcDXMO"`;

exports[`RGBN Decoder > using '20x18' raw data > renders a scaled canvas with framemode: 'square_black' 1`] = `"dPLuLmkGCG"`;

exports[`RGBN Decoder > using '20x18' raw data > renders a scaled canvas with framemode: 'square_white' 1`] = `"ufPQUtmZA9"`;

exports[`RGBN Decoder > using '20x18' raw data > renders on to a given canvas with blendmode: 'addition' 1`] = `"SUtVOyfWgC"`;

exports[`RGBN Decoder > using '20x18' raw data > renders on to a given canvas with blendmode: 'burn' 1`] = `"3behd63etK"`;

exports[`RGBN Decoder > using '20x18' raw data > renders on to a given canvas with blendmode: 'darken' 1`] = `"3uedQi4sWk"`;

exports[`RGBN Decoder > using '20x18' raw data > renders on to a given canvas with blendmode: 'difference' 1`] = `"aMMxqVmQPk"`;

exports[`RGBN Decoder > using '20x18' raw data > renders on to a given canvas with blendmode: 'dodge' 1`] = `"spDlQ6ZvcX"`;

exports[`RGBN Decoder > using '20x18' raw data > renders on to a given canvas with blendmode: 'exclusion' 1`] = `"1SdioevR1c"`;

exports[`RGBN Decoder > using '20x18' raw data > renders on to a given canvas with blendmode: 'hardlight' 1`] = `"X5Vs1cEek0"`;

exports[`RGBN Decoder > using '20x18' raw data > renders on to a given canvas with blendmode: 'lighten' 1`] = `"lEfRbjm46b"`;

exports[`RGBN Decoder > using '20x18' raw data > renders on to a given canvas with blendmode: 'multiply' 1`] = `"O9GiUqnsXq"`;

exports[`RGBN Decoder > using '20x18' raw data > renders on to a given canvas with blendmode: 'normal' 1`] = `"DAXovceFYc"`;

exports[`RGBN Decoder > using '20x18' raw data > renders on to a given canvas with blendmode: 'normal_s' 1`] = `"knnJ7ayc1q"`;

exports[`RGBN Decoder > using '20x18' raw data > renders on to a given canvas with blendmode: 'overlay' 1`] = `"aS9TUOMnsg"`;

exports[`RGBN Decoder > using '20x18' raw data > renders on to a given canvas with blendmode: 'screen' 1`] = `"H6qs0b7AwD"`;

exports[`RGBN Decoder > using '20x18' raw data > renders on to a given canvas with blendmode: 'softlight' 1`] = `"4Mfdp8JDYF"`;

exports[`RGBN Decoder > using '20x86' raw data > renders a scaled canvas with framemode: 'crop' 1`] = `"Bw38t41P0J"`;

exports[`RGBN Decoder > using '20x86' raw data > renders a scaled canvas with framemode: 'keep' 1`] = `"Bw38t41P0J"`;

exports[`RGBN Decoder > using '20x86' raw data > renders a scaled canvas with framemode: 'square_black' 1`] = `"Bw38t41P0J"`;

exports[`RGBN Decoder > using '20x86' raw data > renders a scaled canvas with framemode: 'square_white' 1`] = `"Bw38t41P0J"`;

exports[`RGBN Decoder > using '20x86' raw data > renders on to a given canvas with blendmode: 'addition' 1`] = `"qA5WD6FKfx"`;

exports[`RGBN Decoder > using '20x86' raw data > renders on to a given canvas with blendmode: 'burn' 1`] = `"ejYcTmysEL"`;

exports[`RGBN Decoder > using '20x86' raw data > renders on to a given canvas with blendmode: 'darken' 1`] = `"yyJPPM794f"`;

exports[`RGBN Decoder > using '20x86' raw data > renders on to a given canvas with blendmode: 'difference' 1`] = `"ZTXE77ibQf"`;

exports[`RGBN Decoder > using '20x86' raw data > renders on to a given canvas with blendmode: 'dodge' 1`] = `"oo2Rd9IyMd"`;

exports[`RGBN Decoder > using '20x86' raw data > renders on to a given canvas with blendmode: 'exclusion' 1`] = `"XwxKIFuap1"`;

exports[`RGBN Decoder > using '20x86' raw data > renders on to a given canvas with blendmode: 'hardlight' 1`] = `"sWQn6Gwtwr"`;

exports[`RGBN Decoder > using '20x86' raw data > renders on to a given canvas with blendmode: 'lighten' 1`] = `"k1nK0zK58P"`;

exports[`RGBN Decoder > using '20x86' raw data > renders on to a given canvas with blendmode: 'multiply' 1`] = `"zSJw9ZmpU6"`;

exports[`RGBN Decoder > using '20x86' raw data > renders on to a given canvas with blendmode: 'normal' 1`] = `"d5FwdEAQlr"`;

exports[`RGBN Decoder > using '20x86' raw data > renders on to a given canvas with blendmode: 'normal_s' 1`] = `"Jt0WRjMQ1H"`;

exports[`RGBN Decoder > using '20x86' raw data > renders on to a given canvas with blendmode: 'overlay' 1`] = `"D0Z1lFjACp"`;

exports[`RGBN Decoder > using '20x86' raw data > renders on to a given canvas with blendmode: 'screen' 1`] = `"eX6UHq6PLY"`;

exports[`RGBN Decoder > using '20x86' raw data > renders on to a given canvas with blendmode: 'softlight' 1`] = `"6BT1vQdokw"`;
