// Vitest Snapshot v1, https://vitest.dev/guide/snapshot.html

exports[`Monochrome Decoder > using '1x1' raw data > renders a scaled canvas with framemode: 'crop' 1`] = `"jwkXkBq86d"`;

exports[`Monochrome Decoder > using '1x1' raw data > renders a scaled canvas with framemode: 'keep' 1`] = `"jwkXkBq86d"`;

exports[`Monochrome Decoder > using '1x1' raw data > renders a scaled canvas with framemode: 'square_black' 1`] = `"jwkXkBq86d"`;

exports[`Monochrome Decoder > using '1x1' raw data > renders a scaled canvas with framemode: 'square_white' 1`] = `"jwkXkBq86d"`;

exports[`Monochrome Decoder > using '1x1' raw data > renders on to a given canvas 1`] = `"HMPDkCwruk"`;

exports[`Monochrome Decoder > using '16x14' raw data > renders a scaled canvas with framemode: 'crop' 1`] = `"vVfl7TJX14"`;

exports[`Monochrome Decoder > using '16x14' raw data > renders a scaled canvas with framemode: 'keep' 1`] = `"vVfl7TJX14"`;

exports[`Monochrome Decoder > using '16x14' raw data > renders a scaled canvas with framemode: 'square_black' 1`] = `"vVfl7TJX14"`;

exports[`Monochrome Decoder > using '16x14' raw data > renders a scaled canvas with framemode: 'square_white' 1`] = `"vVfl7TJX14"`;

exports[`Monochrome Decoder > using '16x14' raw data > renders on to a given canvas 1`] = `"oPjwTsSVGy"`;

exports[`Monochrome Decoder > using '20x18' raw data > renders a scaled canvas with framemode: 'crop' 1`] = `"vVfl7TJX14"`;

exports[`Monochrome Decoder > using '20x18' raw data > renders a scaled canvas with framemode: 'keep' 1`] = `"dobrrcznjp"`;

exports[`Monochrome Decoder > using '20x18' raw data > renders a scaled canvas with framemode: 'square_black' 1`] = `"i3KxHIG14t"`;

exports[`Monochrome Decoder > using '20x18' raw data > renders a scaled canvas with framemode: 'square_white' 1`] = `"UJzaE6M2OG"`;

exports[`Monochrome Decoder > using '20x18' raw data > renders on to a given canvas 1`] = `"ReaLLisIqq"`;

exports[`Monochrome Decoder > using '20x86' raw data > renders a scaled canvas with framemode: 'crop' 1`] = `"vVfl7TJX14"`;

exports[`Monochrome Decoder > using '20x86' raw data > renders a scaled canvas with framemode: 'keep' 1`] = `"XICBvx6tL5"`;

exports[`Monochrome Decoder > using '20x86' raw data > renders a scaled canvas with framemode: 'square_black' 1`] = `"sktk5cS5o0"`;

exports[`Monochrome Decoder > using '20x86' raw data > renders a scaled canvas with framemode: 'square_white' 1`] = `"BmFvSnKQwt"`;

exports[`Monochrome Decoder > using '20x86' raw data > renders on to a given canvas 1`] = `"ifPaBrCMAn"`;
